[INFO] Scanning for projects...
[INFO] 
[INFO] ------------------------< com.jpmc:midas-core >-------------------------
[INFO] Building midas-core 1.0.0
[INFO] --------------------------------[ jar ]---------------------------------
[INFO] 
[INFO] --- maven-resources-plugin:3.3.1:resources (default-resources) @ midas-core ---
[INFO] skip non existing resourceDirectory C:\Users\ASUS\forage-midas\src\main\resources
[INFO] skip non existing resourceDirectory C:\Users\ASUS\forage-midas\src\main\resources
[INFO] 
[INFO] --- maven-compiler-plugin:3.11.0:compile (default-compile) @ midas-core ---
[INFO] Nothing to compile - all classes are up to date
[INFO] 
[INFO] --- maven-resources-plugin:3.3.1:testResources (default-testResources) @ midas-core ---
[INFO] Copying 5 resources from src\test\resources to target\test-classes
[INFO] 
[INFO] --- maven-compiler-plugin:3.11.0:testCompile (default-testCompile) @ midas-core ---
[INFO] Nothing to compile - all classes are up to date
[INFO] 
[INFO] --- maven-surefire-plugin:3.1.2:test (default-test) @ midas-core ---
[INFO] Using auto detected provider org.apache.maven.surefire.junitplatform.JUnitPlatformProvider
[INFO] 
[INFO] -------------------------------------------------------
[INFO]  T E S T S
[INFO] -------------------------------------------------------
[INFO] Running com.jpmc.midascore.TaskOneTests
21:56:03.759 [main] INFO org.springframework.test.context.support.AnnotationConfigContextLoaderUtils -- Could not detect default configuration classes for test class [com.jpmc.midascore.TaskOneTests]: TaskOneTests does not declare any static, non-private, non-final, nested classes annotated with @Configuration.
21:56:03.924 [main] INFO org.springframework.boot.test.context.SpringBootTestContextBootstrapper -- Found @SpringBootConfiguration com.jpmc.midascore.MidasCoreApplication for test class com.jpmc.midascore.TaskOneTests

  .   ____          _            __ _ _
 /\\ / ___'_ __ _ _(_)_ __  __ _ \ \ \ \
( ( )\___ | '_ | '_| | '_ \/ _` | \ \ \ \
 \\/  ___)| |_)| | | | | || (_| |  ) ) ) )
  '  |____| .__|_| |_|_| |_\__, | / / / /
 =========|_|==============|___/=/_/_/_/
 :: Spring Boot ::                (v3.2.5)

2025-12-24T21:56:04.484+05:30  INFO 13936 --- [           main] com.jpmc.midascore.TaskOneTests          : Starting TaskOneTests using Java 25.0.1 with PID 13936 (started by ASUS in C:\Users\ASUS\forage-midas)
2025-12-24T21:56:04.486+05:30  INFO 13936 --- [           main] com.jpmc.midascore.TaskOneTests          : No active profile set, falling back to 1 default profile: "default"
2025-12-24T21:56:05.339+05:30  INFO 13936 --- [           main] .s.d.r.c.RepositoryConfigurationDelegate : Bootstrapping Spring Data JPA repositories in DEFAULT mode.
2025-12-24T21:56:05.427+05:30  INFO 13936 --- [           main] .s.d.r.c.RepositoryConfigurationDelegate : Finished Spring Data repository scanning in 76 ms. Found 1 JPA repository interface.
2025-12-24T21:56:06.143+05:30  INFO 13936 --- [           main] com.zaxxer.hikari.HikariDataSource       : HikariPool-1 - Starting...
2025-12-24T21:56:06.437+05:30  INFO 13936 --- [           main] com.zaxxer.hikari.pool.HikariPool        : HikariPool-1 - Added connection conn0: url=jdbc:h2:mem:dfec9885-fe8d-478f-99b4-28e04b6264c0 user=SA
2025-12-24T21:56:06.439+05:30  INFO 13936 --- [           main] com.zaxxer.hikari.HikariDataSource       : HikariPool-1 - Start completed.
2025-12-24T21:56:06.502+05:30  INFO 13936 --- [           main] o.hibernate.jpa.internal.util.LogHelper  : HHH000204: Processing PersistenceUnitInfo [name: default]
2025-12-24T21:56:06.600+05:30  INFO 13936 --- [           main] org.hibernate.Version                    : HHH000412: Hibernate ORM core version 6.4.4.Final
2025-12-24T21:56:06.672+05:30  INFO 13936 --- [           main] o.h.c.internal.RegionFactoryInitiator    : HHH000026: Second-level cache disabled
2025-12-24T21:56:07.022+05:30  INFO 13936 --- [           main] o.s.o.j.p.SpringPersistenceUnitInfo      : No LoadTimeWeaver setup: ignoring JPA class transformer
2025-12-24T21:56:08.647+05:30  INFO 13936 --- [           main] o.h.e.t.j.p.i.JtaPlatformInitiator       : HHH000489: No JTA platform available (set 'hibernate.transaction.jta.platform' to enable JTA platform integration)
2025-12-24T21:56:08.702+05:30  INFO 13936 --- [           main] j.LocalContainerEntityManagerFactoryBean : Initialized JPA EntityManagerFactory for persistence unit 'default'
2025-12-24T21:56:09.338+05:30  WARN 13936 --- [           main] JpaBaseConfiguration$JpaWebConfiguration : spring.jpa.open-in-view is enabled by default. Therefore, database queries may be performed during view rendering. Explicitly configure spring.jpa.open-in-view to disable this warning
2025-12-24T21:56:09.795+05:30  INFO 13936 --- [           main] com.jpmc.midascore.TaskOneTests          : Started TaskOneTests in 5.688 seconds (process running for 6.945)
2025-12-24T21:56:12.309+05:30  INFO 13936 --- [           main] com.jpmc.midascore.TaskOneTests          : ----------------------------------------------------------
2025-12-24T21:56:12.309+05:30  INFO 13936 --- [           main] com.jpmc.midascore.TaskOneTests          : ----------------------------------------------------------
2025-12-24T21:56:12.309+05:30  INFO 13936 --- [           main] com.jpmc.midascore.TaskOneTests          : ----------------------------------------------------------
2025-12-24T21:56:12.309+05:30  INFO 13936 --- [           main] com.jpmc.midascore.TaskOneTests          : Congrats! It looks like your application booted without issue
2025-12-24T21:56:12.309+05:30  INFO 13936 --- [           main] com.jpmc.midascore.TaskOneTests          : submit the following output to complete the task (include begin and end output denotations)
2025-12-24T21:56:12.309+05:30  INFO 13936 --- [           main] com.jpmc.midascore.TaskOneTests          : 
---begin output ---
1142725631254665682354316777216387420489
---end output ---
[INFO] Tests run: 1, Failures: 0, Errors: 0, Skipped: 0, Time elapsed: 8.683 s -- in com.jpmc.midascore.TaskOneTests
[INFO] 
[INFO] Results:
[INFO] 
[INFO] Tests run: 1, Failures: 0, Errors: 0, Skipped: 0
[INFO] 
[INFO] ------------------------------------------------------------------------
[INFO] BUILD SUCCESS
[INFO] ------------------------------------------------------------------------
[INFO] Total time:  12.095 s
[INFO] Finished at: 2025-12-24T21:56:12+05:30
[INFO] ------------------------------------------------------------------------
